2020-02-27 20:29:31.948  INFO 2684 --- [restartedMain] c.m.m.MultipleDataSourcesApplication     : Starting MultipleDataSourcesApplication on MSI with PID 2684 (started by joner-cms in D:\迅雷下载\springboot-multipledatasources-master\multipledatasources4)
2020-02-27 20:29:31.949  INFO 2684 --- [restartedMain] c.m.m.MultipleDataSourcesApplication     : No active profile set, falling back to default profiles: default
2020-02-27 20:29:32.375  INFO 2684 --- [restartedMain] ationConfigEmbeddedWebApplicationContext : Refreshing org.springframework.boot.context.embedded.AnnotationConfigEmbeddedWebApplicationContext@1935c2c6: startup date [Thu Feb 27 20:29:32 GMT+08:00 2020]; root of context hierarchy
2020-02-27 20:29:34.264  WARN 2684 --- [restartedMain] o.m.s.mapper.ClassPathMapperScanner      : Skipping MapperFactoryBean with name 'transactionMapping1' and 'com.mzd.multipledatasources.mapper.TransactionMapping1' mapperInterface. Bean already defined with the same name!
2020-02-27 20:29:34.265  WARN 2684 --- [restartedMain] o.m.s.mapper.ClassPathMapperScanner      : Skipping MapperFactoryBean with name 'transactionMapping2' and 'com.mzd.multipledatasources.mapper.TransactionMapping2' mapperInterface. Bean already defined with the same name!
2020-02-27 20:29:34.265  WARN 2684 --- [restartedMain] o.m.s.mapper.ClassPathMapperScanner      : No MyBatis mapper was found in '[com.mzd.multipledatasources.mapper]' package. Please check your configuration.
2020-02-27 20:29:34.924  INFO 2684 --- [restartedMain] .s.d.r.c.RepositoryConfigurationDelegate : Multiple Spring Data modules found, entering strict repository configuration mode!
2020-02-27 20:29:36.812  INFO 2684 --- [restartedMain] s.b.c.e.t.TomcatEmbeddedServletContainer : Tomcat initialized with port(s): 8088 (http)
2020-02-27 20:29:36.843  INFO 2684 --- [restartedMain] o.apache.catalina.core.StandardService   : Starting service [Tomcat]
2020-02-27 20:29:36.844  INFO 2684 --- [restartedMain] org.apache.catalina.core.StandardEngine  : Starting Servlet Engine: Apache Tomcat/8.5.23
2020-02-27 20:29:37.234  INFO 2684 --- [localhost-startStop-1] o.a.c.c.C.[Tomcat].[localhost].[/]       : Initializing Spring embedded WebApplicationContext
2020-02-27 20:29:37.234  INFO 2684 --- [localhost-startStop-1] o.s.web.context.ContextLoader            : Root WebApplicationContext: initialization completed in 4860 ms
2020-02-27 20:29:37.430  INFO 2684 --- [localhost-startStop-1] o.s.b.w.servlet.ServletRegistrationBean  : Mapping servlet: 'dispatcherServlet' to [/]
2020-02-27 20:29:37.433  INFO 2684 --- [localhost-startStop-1] o.s.b.w.servlet.FilterRegistrationBean   : Mapping filter: 'characterEncodingFilter' to: [/*]
2020-02-27 20:29:37.434  INFO 2684 --- [localhost-startStop-1] o.s.b.w.servlet.FilterRegistrationBean   : Mapping filter: 'hiddenHttpMethodFilter' to: [/*]
2020-02-27 20:29:37.434  INFO 2684 --- [localhost-startStop-1] o.s.b.w.servlet.FilterRegistrationBean   : Mapping filter: 'httpPutFormContentFilter' to: [/*]
2020-02-27 20:29:37.434  INFO 2684 --- [localhost-startStop-1] o.s.b.w.servlet.FilterRegistrationBean   : Mapping filter: 'requestContextFilter' to: [/*]
2020-02-27 20:29:39.197  INFO 2684 --- [restartedMain] s.w.s.m.m.a.RequestMappingHandlerAdapter : Looking for @ControllerAdvice: org.springframework.boot.context.embedded.AnnotationConfigEmbeddedWebApplicationContext@1935c2c6: startup date [Thu Feb 27 20:29:32 GMT+08:00 2020]; root of context hierarchy
2020-02-27 20:29:39.255  INFO 2684 --- [restartedMain] s.w.s.m.m.a.RequestMappingHandlerMapping : Mapped "{[/topic/test],methods=[POST]}" onto public java.lang.String com.mzd.multipledatasources.controller.ProducerController.sendTopic(java.lang.String)
2020-02-27 20:29:39.256  INFO 2684 --- [restartedMain] s.w.s.m.m.a.RequestMappingHandlerMapping : Mapped "{[/queue/test],methods=[POST]}" onto public java.lang.String com.mzd.multipledatasources.controller.ProducerController.sendQueue(java.lang.String)
2020-02-27 20:29:39.257  INFO 2684 --- [restartedMain] s.w.s.m.m.a.RequestMappingHandlerMapping : Mapped "{[/savetest.do]}" onto public java.lang.String com.mzd.multipledatasources.controller.TransactionController.savetest()
2020-02-27 20:29:39.257  INFO 2684 --- [restartedMain] s.w.s.m.m.a.RequestMappingHandlerMapping : Mapped "{[/saveteacher.do]}" onto public java.lang.String com.mzd.multipledatasources.controller.TransactionController.saveteacher()
2020-02-27 20:29:39.259  INFO 2684 --- [restartedMain] s.w.s.m.m.a.RequestMappingHandlerMapping : Mapped "{[/error]}" onto public org.springframework.http.ResponseEntity<java.util.Map<java.lang.String, java.lang.Object>> org.springframework.boot.autoconfigure.web.BasicErrorController.error(javax.servlet.http.HttpServletRequest)
2020-02-27 20:29:39.259  INFO 2684 --- [restartedMain] s.w.s.m.m.a.RequestMappingHandlerMapping : Mapped "{[/error],produces=[text/html]}" onto public org.springframework.web.servlet.ModelAndView org.springframework.boot.autoconfigure.web.BasicErrorController.errorHtml(javax.servlet.http.HttpServletRequest,javax.servlet.http.HttpServletResponse)
2020-02-27 20:29:39.291  INFO 2684 --- [restartedMain] o.s.w.s.handler.SimpleUrlHandlerMapping  : Mapped URL path [/webjars/**] onto handler of type [class org.springframework.web.servlet.resource.ResourceHttpRequestHandler]
2020-02-27 20:29:39.291  INFO 2684 --- [restartedMain] o.s.w.s.handler.SimpleUrlHandlerMapping  : Mapped URL path [/**] onto handler of type [class org.springframework.web.servlet.resource.ResourceHttpRequestHandler]
2020-02-27 20:29:39.322  INFO 2684 --- [restartedMain] o.s.w.s.handler.SimpleUrlHandlerMapping  : Mapped URL path [/**/favicon.ico] onto handler of type [class org.springframework.web.servlet.resource.ResourceHttpRequestHandler]
2020-02-27 20:29:40.148  INFO 2684 --- [restartedMain] o.s.b.d.a.OptionalLiveReloadServer       : LiveReload server is running on port 35729
2020-02-27 20:29:40.441  INFO 2684 --- [restartedMain] o.s.j.e.a.AnnotationMBeanExporter        : Registering beans for JMX exposure on startup
2020-02-27 20:29:40.484  INFO 2684 --- [restartedMain] o.s.c.support.DefaultLifecycleProcessor  : Starting beans in phase 2147483647
2020-02-27 20:29:40.489  WARN 2684 --- [restartedMain] ationConfigEmbeddedWebApplicationContext : Exception encountered during context initialization - cancelling refresh attempt: org.springframework.context.ApplicationContextException: Failed to start bean 'org.springframework.jms.config.internalJmsListenerEndpointRegistry'; nested exception is org.springframework.jms.UncategorizedJmsException: Uncategorized exception occurred during JMS processing; nested exception is javax.jms.JMSException: Could not connect to broker URL: tcp://:61616. Reason: java.lang.IllegalArgumentException: hostname can't be null
2020-02-27 20:29:40.491  INFO 2684 --- [restartedMain] o.s.j.e.a.AnnotationMBeanExporter        : Unregistering JMX-exposed beans on shutdown
2020-02-27 20:29:40.551  INFO 2684 --- [restartedMain] o.apache.catalina.core.StandardService   : Stopping service [Tomcat]
2020-02-27 20:29:40.730  INFO 2684 --- [restartedMain] utoConfigurationReportLoggingInitializer : 

Error starting ApplicationContext. To display the auto-configuration report re-run your application with 'debug' enabled.
2020-02-27 20:29:40.765 ERROR 2684 --- [restartedMain] o.s.boot.SpringApplication               : Application startup failed

org.springframework.context.ApplicationContextException: Failed to start bean 'org.springframework.jms.config.internalJmsListenerEndpointRegistry'; nested exception is org.springframework.jms.UncategorizedJmsException: Uncategorized exception occurred during JMS processing; nested exception is javax.jms.JMSException: Could not connect to broker URL: tcp://:61616. Reason: java.lang.IllegalArgumentException: hostname can't be null
	at org.springframework.context.support.DefaultLifecycleProcessor.doStart(DefaultLifecycleProcessor.java:178) ~[spring-context-4.3.13.RELEASE.jar:4.3.13.RELEASE]
	at org.springframework.context.support.DefaultLifecycleProcessor.access$200(DefaultLifecycleProcessor.java:50) ~[spring-context-4.3.13.RELEASE.jar:4.3.13.RELEASE]
	at org.springframework.context.support.DefaultLifecycleProcessor$LifecycleGroup.start(DefaultLifecycleProcessor.java:348) ~[spring-context-4.3.13.RELEASE.jar:4.3.13.RELEASE]
	at org.springframework.context.support.DefaultLifecycleProcessor.startBeans(DefaultLifecycleProcessor.java:151) ~[spring-context-4.3.13.RELEASE.jar:4.3.13.RELEASE]
	at org.springframework.context.support.DefaultLifecycleProcessor.onRefresh(DefaultLifecycleProcessor.java:114) ~[spring-context-4.3.13.RELEASE.jar:4.3.13.RELEASE]
	at org.springframework.context.support.AbstractApplicationContext.finishRefresh(AbstractApplicationContext.java:880) ~[spring-context-4.3.13.RELEASE.jar:4.3.13.RELEASE]
	at org.springframework.boot.context.embedded.EmbeddedWebApplicationContext.finishRefresh(EmbeddedWebApplicationContext.java:144) ~[spring-boot-1.5.9.RELEASE.jar:1.5.9.RELEASE]
	at org.springframework.context.support.AbstractApplicationContext.refresh(AbstractApplicationContext.java:546) ~[spring-context-4.3.13.RELEASE.jar:4.3.13.RELEASE]
	at org.springframework.boot.context.embedded.EmbeddedWebApplicationContext.refresh(EmbeddedWebApplicationContext.java:122) ~[spring-boot-1.5.9.RELEASE.jar:1.5.9.RELEASE]
	at org.springframework.boot.SpringApplication.refresh(SpringApplication.java:693) [spring-boot-1.5.9.RELEASE.jar:1.5.9.RELEASE]
	at org.springframework.boot.SpringApplication.refreshContext(SpringApplication.java:360) [spring-boot-1.5.9.RELEASE.jar:1.5.9.RELEASE]
	at org.springframework.boot.SpringApplication.run(SpringApplication.java:303) [spring-boot-1.5.9.RELEASE.jar:1.5.9.RELEASE]
	at org.springframework.boot.SpringApplication.run(SpringApplication.java:1118) [spring-boot-1.5.9.RELEASE.jar:1.5.9.RELEASE]
	at org.springframework.boot.SpringApplication.run(SpringApplication.java:1107) [spring-boot-1.5.9.RELEASE.jar:1.5.9.RELEASE]
	at com.mzd.multipledatasources.MultipleDataSourcesApplication.main(MultipleDataSourcesApplication.java:15) [classes/:na]
	at sun.reflect.NativeMethodAccessorImpl.invoke0(Native Method) ~[na:1.8.0_191]
	at sun.reflect.NativeMethodAccessorImpl.invoke(NativeMethodAccessorImpl.java:62) ~[na:1.8.0_191]
	at sun.reflect.DelegatingMethodAccessorImpl.invoke(DelegatingMethodAccessorImpl.java:43) ~[na:1.8.0_191]
	at java.lang.reflect.Method.invoke(Method.java:498) ~[na:1.8.0_191]
	at org.springframework.boot.devtools.restart.RestartLauncher.run(RestartLauncher.java:49) [spring-boot-devtools-1.5.9.RELEASE.jar:1.5.9.RELEASE]
Caused by: org.springframework.jms.UncategorizedJmsException: Uncategorized exception occurred during JMS processing; nested exception is javax.jms.JMSException: Could not connect to broker URL: tcp://:61616. Reason: java.lang.IllegalArgumentException: hostname can't be null
	at org.springframework.jms.support.JmsUtils.convertJmsAccessException(JmsUtils.java:316) ~[spring-jms-4.3.13.RELEASE.jar:4.3.13.RELEASE]
	at org.springframework.jms.support.JmsAccessor.convertJmsAccessException(JmsAccessor.java:169) ~[spring-jms-4.3.13.RELEASE.jar:4.3.13.RELEASE]
	at org.springframework.jms.listener.AbstractJmsListeningContainer.start(AbstractJmsListeningContainer.java:273) ~[spring-jms-4.3.13.RELEASE.jar:4.3.13.RELEASE]
	at org.springframework.jms.config.JmsListenerEndpointRegistry.startIfNecessary(JmsListenerEndpointRegistry.java:243) ~[spring-jms-4.3.13.RELEASE.jar:4.3.13.RELEASE]
	at org.springframework.jms.config.JmsListenerEndpointRegistry.start(JmsListenerEndpointRegistry.java:206) ~[spring-jms-4.3.13.RELEASE.jar:4.3.13.RELEASE]
	at org.springframework.context.support.DefaultLifecycleProcessor.doStart(DefaultLifecycleProcessor.java:175) ~[spring-context-4.3.13.RELEASE.jar:4.3.13.RELEASE]
	... 19 common frames omitted
Caused by: javax.jms.JMSException: Could not connect to broker URL: tcp://:61616. Reason: java.lang.IllegalArgumentException: hostname can't be null
	at org.apache.activemq.util.JMSExceptionSupport.create(JMSExceptionSupport.java:36) ~[activemq-client-5.14.5.jar:5.14.5]
	at org.apache.activemq.ActiveMQConnectionFactory.createActiveMQConnection(ActiveMQConnectionFactory.java:374) ~[activemq-client-5.14.5.jar:5.14.5]
	at org.apache.activemq.ActiveMQConnectionFactory.createActiveMQConnection(ActiveMQConnectionFactory.java:304) ~[activemq-client-5.14.5.jar:5.14.5]
	at org.apache.activemq.ActiveMQConnectionFactory.createConnection(ActiveMQConnectionFactory.java:244) ~[activemq-client-5.14.5.jar:5.14.5]
	at org.springframework.jms.support.JmsAccessor.createConnection(JmsAccessor.java:180) ~[spring-jms-4.3.13.RELEASE.jar:4.3.13.RELEASE]
	at org.springframework.jms.listener.AbstractJmsListeningContainer.createSharedConnection(AbstractJmsListeningContainer.java:413) ~[spring-jms-4.3.13.RELEASE.jar:4.3.13.RELEASE]
	at org.springframework.jms.listener.AbstractJmsListeningContainer.establishSharedConnection(AbstractJmsListeningContainer.java:381) ~[spring-jms-4.3.13.RELEASE.jar:4.3.13.RELEASE]
	at org.springframework.jms.listener.AbstractJmsListeningContainer.doStart(AbstractJmsListeningContainer.java:285) ~[spring-jms-4.3.13.RELEASE.jar:4.3.13.RELEASE]
	at org.springframework.jms.listener.SimpleMessageListenerContainer.doStart(SimpleMessageListenerContainer.java:210) ~[spring-jms-4.3.13.RELEASE.jar:4.3.13.RELEASE]
	at org.springframework.jms.listener.AbstractJmsListeningContainer.start(AbstractJmsListeningContainer.java:270) ~[spring-jms-4.3.13.RELEASE.jar:4.3.13.RELEASE]
	... 22 common frames omitted
Caused by: java.lang.IllegalArgumentException: hostname can't be null
	at java.net.InetSocketAddress.checkHost(InetSocketAddress.java:149) ~[na:1.8.0_191]
	at java.net.InetSocketAddress.<init>(InetSocketAddress.java:216) ~[na:1.8.0_191]
	at org.apache.activemq.transport.tcp.TcpTransport.connect(TcpTransport.java:509) ~[activemq-client-5.14.5.jar:5.14.5]
	at org.apache.activemq.transport.tcp.TcpTransport.doStart(TcpTransport.java:488) ~[activemq-client-5.14.5.jar:5.14.5]
	at org.apache.activemq.util.ServiceSupport.start(ServiceSupport.java:55) ~[activemq-client-5.14.5.jar:5.14.5]
	at org.apache.activemq.transport.AbstractInactivityMonitor.start(AbstractInactivityMonitor.java:169) ~[activemq-client-5.14.5.jar:5.14.5]
	at org.apache.activemq.transport.InactivityMonitor.start(InactivityMonitor.java:52) ~[activemq-client-5.14.5.jar:5.14.5]
	at org.apache.activemq.transport.TransportFilter.start(TransportFilter.java:64) ~[activemq-client-5.14.5.jar:5.14.5]
	at org.apache.activemq.transport.WireFormatNegotiator.start(WireFormatNegotiator.java:72) ~[activemq-client-5.14.5.jar:5.14.5]
	at org.apache.activemq.transport.TransportFilter.start(TransportFilter.java:64) ~[activemq-client-5.14.5.jar:5.14.5]
	at org.apache.activemq.transport.TransportFilter.start(TransportFilter.java:64) ~[activemq-client-5.14.5.jar:5.14.5]
	at org.apache.activemq.ActiveMQConnectionFactory.createActiveMQConnection(ActiveMQConnectionFactory.java:354) ~[activemq-client-5.14.5.jar:5.14.5]
	... 30 common frames omitted

